Fetching project merge request (project id: 1, merge request iid: 1)â€¦
{
  "id": 1,
  "iid": 1,
  "project_id": 3,
  "web_url": "http://example.com/example/example/merge_requests/1",
  "title": "test1",
  "description": "fixed login page css paddings",
  "state": "merged",
  "created_at": "2017-04-29T08:46:00Z",
  "updated_at": "2017-04-29T08:46:00Z",
  "source_branch": "test1",
  "target_branch": "master",
  "source_project_id": 2,
  "target_project_id": 3,
  "sha": "8888888888888888888888888888888888888888",
  "merge_commit_sha": "9999999999999999999999999999999999999999",
  "merge_status": "can_be_merged",
  "merge_when_pipeline_succeeds": true,
  "should_remove_source_branch": true,
  "user_notes_count": 1,
  "pipeline": {
    "id": 8,
    "status": "created",
    "ref": "master",
    "sha": "2dc6aa325a317eda67812f05600bdf0fcdc70ab0"
  },
  "author": {
    "id": 1,
    "username": "root",
    "name": "Administrator",
    "state": "active",
    "web_url": "https://gitlab.example.com/root"
  },
  "assignee": {
    "id": 1,
    "username": "root",
    "name": "Administrator",
    "state": "active",
    "web_url": "https://gitlab.example.com/root"
  },
  "time_stats": {},
  "milestone": {
    "id": 5,
    "iid": 1,
    "project_id": 3,
    "title": "v2.0",
    "description": "Assumenda aut placeat expedita exercitationem labore sunt enim earum.",
    "state": "closed",
    "updated_at": "2015-02-02T19:49:26.013Z",
    "created_at": "2015-02-02T19:49:26.013Z"
  }
}