Fetching project merge request (project id: 1, merge request iid: 1)â€¦

  Id            1
  Iid           1
  Sha           8888888888888888888888888888888888888888
  Title         test1
  SourceBranch  test1
  TargetBranch  master
  State         merged
  MergeStatus   can_be_merged


Response meta

  Method          GET
  Url             http://wiremock:8080/api/v4/projects/1/merge_requests/1
  StatusCode      200
  Request id      
  Runtime         0.000000

