Get a single user

Usage:
  glc get user USER_ID [flags]

Aliases:
  user, u

Flags:
  -h, --help   help for user

Global Flags:
  -a, --alias string                Use resource alias
  -c, --config string               Path to configuration file (default ".glc.yml")
  -i, --interactive                 enable interactive mode when applicable (eg. creation, pagination)
      --no-color                    disable color output
  -o, --output-destination string   Output result to file if specified
  -f, --output-format string        Output format, must be one of 'text', 'json', 'yaml'
      --silent                      silent mode
  -v, --verbose                     verbose output
