Error: ✘ 2 argument(s) required for project-merge-request resource but got 1:
  - project_id
  - merge_request_iid

Usage:
  glc get project-merge-request PROJECT_ID MERGE_REQUEST_IID [flags]

Aliases:
  project-merge-request, project-mr, pmr

Flags:
  -h, --help   help for project-merge-request

Global Flags:
  -a, --alias string                Use resource alias
  -c, --config string               Path to configuration file (default ".glc.yml")
  -i, --interactive                 enable interactive mode when applicable (eg. creation, pagination)
      --no-color                    disable color output
  -o, --output-destination string   Output result to file if specified
  -f, --output-format string        Output format, must be one of 'text', 'json', 'yaml'
      --silent                      silent mode
  -v, --verbose                     verbose output

✘ 2 argument(s) required for project-merge-request resource but got 1:
  - project_id
  - merge_request_iid

