List current user ssh keys

Usage:
  glc list ssh-keys [flags]

Aliases:
  ssh-keys, sk

Flags:
  -h, --help   help for ssh-keys

Global Flags:
  -a, --alias string                Use resource alias
  -c, --config string               Path to configuration file (default ".glc.yml")
      --host string                 GitLab host
  -i, --interactive                 enable interactive mode when applicable (eg. creation, pagination)
      --no-color                    disable color output
  -o, --output-destination string   Output result to file if specified
  -f, --output-format string        Output format, must be one of 'text', 'json', 'yaml'
  -p, --page int                    Page (default 1)
  -l, --per-page int                Items per page (default 10)
      --silent                      silent mode
  -v, --verbose                     verbose output
