Fetching project 1 merge requestsâ€¦
[
  {
    "id": 13932943,
    "iid": 20569,
    "project_id": 13083,
    "web_url": "https://gitlab.com/gitlab-org/gitlab-ce/merge_requests/20569",
    "title": "WIP: Fix autosave issues for MR discussions",
    "description": "Fixes multiple autosave issues and ESC confirmations around noteable shared components and new MR discussions.\r\n\r\n### Fixes autosave issue in noteable shared components\r\n![_mr-autosave](/uploads/2997c1e1d745ccd70f8ccf6854e86b56/_mr-autosave.gif)\r\n\r\n### Fixes ESC confirmation and autosave issues in reply a discussion form\r\n![_mr-esc-confirm](/uploads/79f7c7aace864ce02bd680099c715fc2/_mr-esc-confirm.gif)\r\n\r\n### Adds ESC confirmation to new discussion form\r\n![_mr-esc-confirm2](/uploads/a4f3b3d41fb3b15db0e1a88f89264622/_mr-esc-confirm2.gif)\r\n\r\n\r\nFixes https://gitlab.com/gitlab-org/gitlab-ce/issues/48876 and https://gitlab.com/gitlab-org/gitlab-ce/issues/48877",
    "state": "opened",
    "created_at": "2018-07-11T22:39:55.571Z",
    "updated_at": "2018-07-11T23:35:44.014Z",
    "source_branch": "_acet-fix-mr-autosave",
    "target_branch": "master",
    "source_project_id": 13083,
    "target_project_id": 13083,
    "sha": "da788f233de489315e3155f170700c625af352c4",
    "work_in_progress": true,
    "merge_status": "can_be_merged",
    "force_remove_source_branch": true,
    "user_notes_count": 1,
    "author": {
      "id": 502136,
      "username": "fatihacet",
      "name": "Fatih Acet",
      "state": "active",
      "avatar_url": "https://assets.gitlab-static.net/uploads/-/system/user/avatar/502136/avatar.png",
      "web_url": "https://gitlab.com/fatihacet"
    },
    "assignee": {
      "id": 502136,
      "username": "fatihacet",
      "name": "Fatih Acet",
      "state": "active",
      "avatar_url": "https://assets.gitlab-static.net/uploads/-/system/user/avatar/502136/avatar.png",
      "web_url": "https://gitlab.com/fatihacet"
    },
    "labels": [
      "Discussion",
      "Pick into 11.1",
      "bug",
      "frontend",
      "mr refactor",
      "regression",
      "reproduced on GitLab.com"
    ],
    "time_stats": {},
    "milestone": {
      "id": 450583,
      "iid": 13,
      "group_id": 9970,
      "title": "11.1",
      "state": "active",
      "updated_at": "2018-03-01T19:52:29.776Z",
      "created_at": "2018-01-23T21:40:27.318Z",
      "due_date": "2018-07-22",
      "start_date": "2018-06-08",
      "web_url": "https://gitlab.com/groups/gitlab-org/-/milestones/13"
    }
  },
  {
    "id": 13932747,
    "iid": 20568,
    "project_id": 13083,
    "web_url": "https://gitlab.com/gitlab-org/gitlab-ce/merge_requests/20568",
    "title": "add initial smoke tests and documentation",
    "description": "## What does this MR do?\n\nAdds initial smoke test functionality for quick sanity testing from the UI.\n\n## Are there points in the code the reviewer needs to double check?\n\nThere will be a sister MR to this created in the [QA Repository](https://gitlab.com/gitlab-org/gitlab-qa) regarding documentation on *how to run* these smoke tests.\n\nWe can run them by using:\n\n`bin/qa Test::Smoke http://localhost:3000`\n\nI ran the \"smoke suite\" a couple times: here are my findings.\n\n| Time taken |\n|------------|\n| 50.9s      |\n| 50.08s     |\n| 50.78      |\n\n## Why was this MR needed?\n\nThis MR was created per discussions in https://gitlab.com/gitlab-org/gitlab-qa/issues/288\n\n## Does this MR meet the acceptance criteria?\n\n- [ ] [Changelog entry](https://docs.gitlab.com/ee/development/changelog.html) added, if necessary\n- [x] [Documentation created/updated](https://docs.gitlab.com/ee/development/writing_documentation.html#contributing-to-docs)\n- [x] Tests added for this feature/bug\n- Conform by the [code review guidelines](https://docs.gitlab.com/ee/development/code_review.html)\n  - [ ] Has been reviewed by a Frontend maintainer\n  - [ ] Has been reviewed by a Backend maintainer\n- [x] Conform by the [merge request performance guides](https://docs.gitlab.com/ee/development/merge_request_performance_guidelines.html)\n- [x] Conform by the [style guides](https://gitlab.com/gitlab-org/gitlab-ee/blob/master/CONTRIBUTING.md#style-guides)\n- [ ] End-to-end tests pass (`package-and-qa` manual pipeline job)\n\n## What are the relevant issue numbers?\n\n- https://gitlab.com/gitlab-org/gitlab-qa/issues/288\n\n## Notes\n\nWe should of course expand this suite, perhaps adding more `describe` scenarios in our source base to what we believe should be constituted as a \"smoke test.\"\n\n/cc @gl\\-quality @rspeicher @grzesiek @stanhu",
    "state": "opened",
    "created_at": "2018-07-11T22:18:59.366Z",
    "updated_at": "2018-07-11T22:19:01.327Z",
    "source_branch": "qa-smoke-tests",
    "target_branch": "master",
    "source_project_id": 13083,
    "target_project_id": 13083,
    "sha": "2d06e080106b0d20adeda763bb5bc6beae2c8535",
    "merge_status": "can_be_merged",
    "author": {
      "id": 272636,
      "username": "ddavison",
      "name": "Dan Davison",
      "state": "active",
      "avatar_url": "https://secure.gravatar.com/avatar/6e56557ffa1baafe3e73e45bd2dc9524?s=80\u0026d=identicon",
      "web_url": "https://gitlab.com/ddavison"
    },
    "assignee": {
      "id": 2097582,
      "username": "meks",
      "name": "Mek Stittri",
      "state": "active",
      "avatar_url": "https://assets.gitlab-static.net/uploads/-/system/user/avatar/2097582/avatar.png",
      "web_url": "https://gitlab.com/meks"
    },
    "labels": [
      "Discussion",
      "QA",
      "Quality"
    ],
    "time_stats": {}
  },
  {
    "id": 13931916,
    "iid": 20567,
    "project_id": 13083,
    "web_url": "https://gitlab.com/gitlab-org/gitlab-ce/merge_requests/20567",
    "title": "WIP: Resolve \"Remove ghost notification settings for groups and projects\"",
    "description": "## What does this MR do?\n\n## Are there points in the code the reviewer needs to double check?\n\n## Why was this MR needed?\n\n## Screenshots (if relevant)\n\n## Does this MR meet the acceptance criteria?\n\n- [x] [Changelog entry](https://docs.gitlab.com/ee/development/changelog.html) added, if necessary\n- [ ] [Documentation created/updated](https://docs.gitlab.com/ee/development/writing_documentation.html#contributing-to-docs)\n- [ ] API support added\n- [x] Tests added for this feature/bug\n- Conform by the [code review guidelines](https://docs.gitlab.com/ee/development/code_review.html)\n  - [ ] Has been reviewed by a UX Designer\n  - [ ] Has been reviewed by a Frontend maintainer\n  - [ ] Has been reviewed by a Backend maintainer\n  - [ ] Has been reviewed by a Database specialist\n- [x] Conform by the [merge request performance guides](https://docs.gitlab.com/ee/development/merge_request_performance_guidelines.html)\n- [x] Conform by the [style guides](https://gitlab.com/gitlab-org/gitlab-ee/blob/master/CONTRIBUTING.md#style-guides)\n- [x] Conform by the [database guides](https://docs.gitlab.com/ee/development/README.html#databases-guides)\n- [ ] If you have multiple commits, please combine them into a few logically organized commits by [squashing them](https://git-scm.com/book/en/Git-Tools-Rewriting-History#Squashing-Commits)\n- [ ] Internationalization required/considered\n- [ ] End-to-end tests pass (`package-and-qa` manual pipeline job)\n\n## What are the relevant issue numbers?\n\n\nCloses #44824",
    "state": "opened",
    "created_at": "2018-07-11T21:06:10.653Z",
    "updated_at": "2018-07-11T21:06:43.081Z",
    "source_branch": "44824-remove-ghost-notification-settings-for-group-and-project",
    "target_branch": "master",
    "source_project_id": 1915107,
    "target_project_id": 13083,
    "sha": "4cf0900526027785658829666f235349bafe4475",
    "work_in_progress": true,
    "merge_status": "cannot_be_merged",
    "squash": true,
    "force_remove_source_branch": true,
    "author": {
      "id": 331646,
      "username": "jacopo-beschi",
      "name": "ðŸ™ˆ  jacopo beschi ðŸ™‰",
      "state": "active",
      "avatar_url": "https://secure.gravatar.com/avatar/692fb66988ac3863f360e846c1afc4f3?s=80\u0026d=identicon",
      "web_url": "https://gitlab.com/jacopo-beschi"
    },
    "assignee": {
      "id": 331646,
      "username": "jacopo-beschi",
      "name": "ðŸ™ˆ  jacopo beschi ðŸ™‰",
      "state": "active",
      "avatar_url": "https://secure.gravatar.com/avatar/692fb66988ac3863f360e846c1afc4f3?s=80\u0026d=identicon",
      "web_url": "https://gitlab.com/jacopo-beschi"
    },
    "time_stats": {}
  },
  {
    "id": 13929701,
    "iid": 20566,
    "project_id": 13083,
    "web_url": "https://gitlab.com/gitlab-org/gitlab-ce/merge_requests/20566",
    "title": "Fix archived parameter for projects API",
    "description": "## What does this MR do?\n\nFixes a regression where the archived parameter is incorrectly applied to the projects finder.\n\n## Are there points in the code the reviewer needs to double check?\n\nIt changes default (but incorrect per spec) API behavior which is in place for 1,5 years.\nCurrently without `archived` parameter only active projects are returned (so filter `archived=false` is incorrectly applied).\nThe current default API behavior matches GUI behavior, however it's not possible to filter archived projects only via API (which is possible via GUI).\n\nThis MR replaces !17244 (from @razer6), which is un-maintained for last 5 months due to contributor inactivity.\nThe code from that MR is refreshed and remaining open comments are implemented.\n\n## Why was this MR needed?\n\nSee discussions in #32301 and !17244\n\n## Does this MR meet the acceptance criteria?\n\n- [x] [Changelog entry](https://docs.gitlab.com/ee/development/changelog.html) added, if necessary\n- [x] [Documentation created/updated](https://docs.gitlab.com/ee/development/writing_documentation.html#contributing-to-docs)\n- [x] API support added\n- [x] Tests added for this feature/bug\n- Conform by the [code review guidelines](https://docs.gitlab.com/ee/development/code_review.html)\n  - [ ] Has been reviewed by a UX Designer\n  - [ ] Has been reviewed by a Frontend maintainer\n  - [ ] Has been reviewed by a Backend maintainer\n  - [ ] Has been reviewed by a Database specialist\n- [x] Conform by the [merge request performance guides](https://docs.gitlab.com/ee/development/merge_request_performance_guidelines.html)\n- [x] Conform by the [style guides](https://gitlab.com/gitlab-org/gitlab-ee/blob/master/CONTRIBUTING.md#style-guides)\n- [x] Conform by the [database guides](https://docs.gitlab.com/ee/development/README.html#databases-guides)\n- [x] If you have multiple commits, please combine them into a few logically organized commits by [squashing them](https://git-scm.com/book/en/Git-Tools-Rewriting-History#Squashing-Commits)\n- [x] Internationalization required/considered\n- [ ] End-to-end tests pass (`package-and-qa` manual pipeline job)\n\n## What are the relevant issue numbers?\n\nCloses #32301",
    "state": "opened",
    "created_at": "2018-07-11T19:55:40.907Z",
    "updated_at": "2018-07-11T20:00:23.499Z",
    "source_branch": "fix-project-api-archived",
    "target_branch": "master",
    "source_project_id": 904528,
    "target_project_id": 13083,
    "sha": "4fd3d6ed3bf663f8d978db62fb1f552c529e2950",
    "merge_status": "can_be_merged",
    "force_remove_source_branch": true,
    "author": {
      "id": 1334624,
      "username": "petermarko",
      "name": "Peter Marko",
      "state": "active",
      "avatar_url": "https://secure.gravatar.com/avatar/28cbcbcb84533b9f8afc75521bdc457e?s=80\u0026d=identicon",
      "web_url": "https://gitlab.com/petermarko"
    },
    "time_stats": {}
  },
  {
    "id": 13929032,
    "iid": 20565,
    "project_id": 13083,
    "web_url": "https://gitlab.com/gitlab-org/gitlab-ce/merge_requests/20565",
    "title": "Remove healthchecks from prometheus endpoint",
    "description": "## What does this MR do?\r\n\r\n- Fixes https://gitlab.com/gitlab-org/gitlab-ce/issues/49112\r\n\r\n## Are there points in the code the reviewer needs to double check?\r\n\r\n```shell\r\n# Simulate a Gitaly server under extreme load....\r\n$ lldb -p $(pgrep gitaly) \u0026 \r\n\r\n# Without this fix: Prometheus scrape endpoint times out after ~55s with a 500 error\r\n$ time curl http://localhost:3000/-/metrics\r\nNameError at /-/metrics\r\n=======================\r\n\r\n\u003e uninitialized constant GRPC::GRPC\r\n...\r\nreal\t0m58.135s\r\nuser\t0m0.014s\r\nsys\t0m0.016s\r\n\r\n# With this fix: Prometheus scrape endpoint returns the prometheus metrics successfully, immediately\r\n$ time curl http://localhost:3000/-/metrics\r\nclient_browser_timing_count{event=\"contentComplete\"} 40\r\n# HELP client_browser_timing Multiprocess metric\r\n# TYPE client_browser_timing histogram\r\nclient_browser_timing_bucket{event=\"connect\",le=\"+Inf\"} 40\r\nclient_browser_timing_bucket{event=\"connect\",le=\"0.005\"} 40\r\n...\r\n\r\nreal\t0m0.607s\r\nuser\t0m0.020s\r\nsys\t0m0.027s\r\n\r\n```\r\n\r\n## Why was this MR needed?\r\n\r\nSimilar reasons as https://gitlab.com/gitlab-org/gitlab-ce/merge_requests/20552:\r\n\r\n\u003e When any single Gitaly server fails, up to 50% of the web and api fleet workload is saturated by prometheus healthcheck requests, which happen 4 times a minute on each node, with each request currently taking almost a full minute, before failing with a 500 error.\r\n\r\nWith this fix: when any single Gitaly server fails: the prometheus endpoint will return immediately with the correct metrics and a 200 response.\r\n\r\n## Does this MR meet the acceptance criteria?\r\n\r\n- [ ] [Changelog entry](https://docs.gitlab.com/ee/development/changelog.html) added, if necessary\r\n- [ ] [Documentation created/updated](https://docs.gitlab.com/ee/development/writing_documentation.html#contributing-to-docs)\r\n- [ ] API support added\r\n- [ ] Tests added for this feature/bug\r\n- Conform by the [code review guidelines](https://docs.gitlab.com/ee/development/code_review.html)\r\n  - [ ] Has been reviewed by a UX Designer\r\n  - [ ] Has been reviewed by a Frontend maintainer\r\n  - [ ] Has been reviewed by a Backend maintainer\r\n  - [ ] Has been reviewed by a Database specialist\r\n- [ ] Conform by the [merge request performance guides](https://docs.gitlab.com/ee/development/merge_request_performance_guidelines.html)\r\n- [ ] Conform by the [style guides](https://gitlab.com/gitlab-org/gitlab-ee/blob/master/CONTRIBUTING.md#style-guides)\r\n- [ ] Conform by the [database guides](https://docs.gitlab.com/ee/development/README.html#databases-guides)\r\n- [ ] If you have multiple commits, please combine them into a few logically organized commits by [squashing them](https://git-scm.com/book/en/Git-Tools-Rewriting-History#Squashing-Commits)\r\n- [ ] Internationalization required/considered\r\n- [ ] End-to-end tests pass (`package-and-qa` manual pipeline job)\r\n\r\n## What are the relevant issue numbers?",
    "state": "opened",
    "created_at": "2018-07-11T19:08:21.900Z",
    "updated_at": "2018-07-11T19:11:52.822Z",
    "source_branch": "an/no-healthcheck-until-brooklyn",
    "target_branch": "master",
    "source_project_id": 13083,
    "target_project_id": 13083,
    "sha": "b4cc74f3b45ed206fdcfb021cbdbc8621807177c",
    "merge_status": "can_be_merged",
    "squash": true,
    "force_remove_source_branch": true,
    "user_notes_count": 1,
    "author": {
      "id": 895869,
      "username": "andrewn",
      "name": "Andrew Newdigate",
      "state": "active",
      "avatar_url": "https://assets.gitlab-static.net/uploads/-/system/user/avatar/895869/avatar.png",
      "web_url": "https://gitlab.com/andrewn"
    },
    "labels": [
      "Gitaly",
      "availability",
      "performance"
    ],
    "time_stats": {},
    "milestone": {
      "id": 450583,
      "iid": 13,
      "group_id": 9970,
      "title": "11.1",
      "state": "active",
      "updated_at": "2018-03-01T19:52:29.776Z",
      "created_at": "2018-01-23T21:40:27.318Z",
      "due_date": "2018-07-22",
      "start_date": "2018-06-08",
      "web_url": "https://gitlab.com/groups/gitlab-org/-/milestones/13"
    }
  },
  {
    "id": 13928405,
    "iid": 20564,
    "project_id": 13083,
    "web_url": "https://gitlab.com/gitlab-org/gitlab-ce/merge_requests/20564",
    "title": "Revert \"Log push output on exception\" because it is no longer needed",
    "description": "## What does this MR do?\n\nWe have successfully diagnosed https://gitlab.com/gitlab-org/gitlab-ce/issues/48241, so this logging is no longer needed.\n\n## Does this MR meet the acceptance criteria?\n\n- ~~[Changelog entry](https://docs.gitlab.com/ee/development/changelog.html) added, if necessary~~\n- ~~[Documentation created/updated](https://docs.gitlab.com/ee/development/writing_documentation.html#contributing-to-docs)~~\n- ~~API support added~~\n- ~~Tests added for this feature/bug~~\n- Conform by the [code review guidelines](https://docs.gitlab.com/ee/development/code_review.html)\n  - [ ] Has been reviewed by a Backend maintainer\n- ~~Conform by the [merge request performance guides]~~(https://docs.gitlab.com/ee/development/merge_request_performance_guidelines.html)\n- [x] Conform by the [style guides](https://gitlab.com/gitlab-org/gitlab-ee/blob/master/CONTRIBUTING.md#style-guides)\n- ~~Conform by the [database guides](https://docs.gitlab.com/ee/development/README.html#databases-guides)~~\n- [x] If you have multiple commits, please combine them into a few logically organized commits by [squashing them](https://git-scm.com/book/en/Git-Tools-Rewriting-History#Squashing-Commits)\n- ~~Internationalization required/considered~~\n- [x] End-to-end tests pass (`package-and-qa` manual pipeline job)\n\n## What are the relevant issue numbers?\n\nhttps://gitlab.com/gitlab-org/gitlab-ce/issues/48241",
    "state": "opened",
    "created_at": "2018-07-11T18:44:19.250Z",
    "updated_at": "2018-07-11T21:48:31.133Z",
    "source_branch": "mk/remove-push-output-logging",
    "target_branch": "master",
    "source_project_id": 13083,
    "target_project_id": 13083,
    "sha": "2555bf5ee35862a9f940d3004e3b9f7bdf196e12",
    "merge_status": "can_be_merged",
    "squash": true,
    "force_remove_source_branch": true,
    "user_notes_count": 1,
    "author": {
      "id": 1144264,
      "username": "mkozono",
      "name": "Michael Kozono",
      "state": "active",
      "avatar_url": "https://secure.gravatar.com/avatar/ddaa576b4b6933a6fb7a996088c30f6c?s=80\u0026d=identicon",
      "web_url": "https://gitlab.com/mkozono"
    },
    "assignee": {
      "id": 128633,
      "username": "rymai",
      "name": "RÃ©my Coutable",
      "state": "active",
      "avatar_url": "https://secure.gravatar.com/avatar/263da227929cc0035cb0eba512bcf81a?s=80\u0026d=identicon",
      "web_url": "https://gitlab.com/rymai"
    },
    "labels": [
      "Quality",
      "technical debt"
    ],
    "time_stats": {}
  },
  {
    "id": 13927668,
    "iid": 20563,
    "project_id": 13083,
    "web_url": "https://gitlab.com/gitlab-org/gitlab-ce/merge_requests/20563",
    "title": "Resolve \"Follow-up from \"Milestone tests\"\"",
    "description": "## What does this MR do?\n\nThis MR extracts the `has_milestone?` method out of `QA::Page::MergeRequest::Show` and into `QA::Page::Issuable::Sidebar`. \n\n## Does this MR meet the acceptance criteria?\n\n- [x] Tests added for this feature/bug\n- Conform by the [code review guidelines](https://docs.gitlab.com/ee/development/code_review.html)\n  - [ ] Has been reviewed by a Backend maintainer\n- [x] Conform by the [merge request performance guides](https://docs.gitlab.com/ee/development/merge_request_performance_guidelines.html)\n- [x] Conform by the [style guides](https://gitlab.com/gitlab-org/gitlab-ee/blob/master/CONTRIBUTING.md#style-guides)\n- [ ] End-to-end tests pass (`package-and-qa` manual pipeline job)\n\n## What are the relevant issue numbers?\n\nCloses #48690",
    "state": "opened",
    "created_at": "2018-07-11T18:17:37.205Z",
    "updated_at": "2018-07-11T18:27:01.373Z",
    "source_branch": "48690-follow-up-from-milestone-tests",
    "target_branch": "master",
    "source_project_id": 13083,
    "target_project_id": 13083,
    "sha": "a825dc229a9b9ecb76dc6b88d7002afe29ff5781",
    "merge_status": "can_be_merged",
    "force_remove_source_branch": true,
    "author": {
      "id": 272636,
      "username": "ddavison",
      "name": "Dan Davison",
      "state": "active",
      "avatar_url": "https://secure.gravatar.com/avatar/6e56557ffa1baafe3e73e45bd2dc9524?s=80\u0026d=identicon",
      "web_url": "https://gitlab.com/ddavison"
    },
    "assignee": {
      "id": 128633,
      "username": "rymai",
      "name": "RÃ©my Coutable",
      "state": "active",
      "avatar_url": "https://secure.gravatar.com/avatar/263da227929cc0035cb0eba512bcf81a?s=80\u0026d=identicon",
      "web_url": "https://gitlab.com/rymai"
    },
    "labels": [
      "QA",
      "Quality",
      "enhancement"
    ],
    "time_stats": {},
    "milestone": {
      "id": 494367,
      "iid": 15,
      "group_id": 9970,
      "title": "11.2",
      "state": "active",
      "updated_at": "2018-03-27T19:28:34.472Z",
      "created_at": "2018-03-27T19:26:05.990Z",
      "due_date": "2018-08-22",
      "start_date": "2018-07-08",
      "web_url": "https://gitlab.com/groups/gitlab-org/-/milestones/15"
    }
  },
  {
    "id": 13925429,
    "iid": 20562,
    "project_id": 13083,
    "web_url": "https://gitlab.com/gitlab-org/gitlab-ce/merge_requests/20562",
    "title": "Fix MR widget border",
    "description": "![Screen_Shot_2018-07-11_at_12.08.08_PM](/uploads/58608375fdec4ae03fa245ef17e8adea/Screen_Shot_2018-07-11_at_12.08.08_PM.png)",
    "state": "merged",
    "created_at": "2018-07-11T17:08:41.143Z",
    "updated_at": "2018-07-11T17:39:06.035Z",
    "source_branch": "fix-mr-widget-border",
    "target_branch": "master",
    "source_project_id": 13083,
    "target_project_id": 13083,
    "sha": "0cf9af01ce5c6db84aba8d40defc0cb03cb6e75f",
    "merge_commit_sha": "a781d0f9b2b89f5a3fa33dc72fcefb485f2078ce",
    "merge_status": "can_be_merged",
    "merge_when_pipeline_succeeds": true,
    "should_remove_source_branch": true,
    "force_remove_source_branch": true,
    "user_notes_count": 2,
    "author": {
      "id": 201566,
      "username": "annabeldunstone",
      "name": "Annabel Gray",
      "state": "active",
      "avatar_url": "https://assets.gitlab-static.net/uploads/-/system/user/avatar/201566/avatar.png",
      "web_url": "https://gitlab.com/annabeldunstone"
    },
    "assignee": {
      "id": 482476,
      "username": "filipa",
      "name": "Filipa Lacerda",
      "state": "active",
      "avatar_url": "https://assets.gitlab-static.net/uploads/-/system/user/avatar/482476/avatar.png",
      "web_url": "https://gitlab.com/filipa"
    },
    "labels": [
      "Pick into 11.1",
      "frontend",
      "regression"
    ],
    "time_stats": {},
    "milestone": {
      "id": 450583,
      "iid": 13,
      "group_id": 9970,
      "title": "11.1",
      "state": "active",
      "updated_at": "2018-03-01T19:52:29.776Z",
      "created_at": "2018-01-23T21:40:27.318Z",
      "due_date": "2018-07-22",
      "start_date": "2018-06-08",
      "web_url": "https://gitlab.com/groups/gitlab-org/-/milestones/13"
    }
  },
  {
    "id": 13925353,
    "iid": 20561,
    "project_id": 13083,
    "web_url": "https://gitlab.com/gitlab-org/gitlab-ce/merge_requests/20561",
    "title": "Resolve \"QA: False failure on QA test \"Push to protected branch when allowed\" during staging failover rehearsal\"",
    "description": "## What does this MR do?\n\nThis ensure the external encoding is set to UTF-8 when running QA specs.\n\n## Are there points in the code the reviewer needs to double check?\n\nIf QA passes I guess that's it.\n\n## Does this MR meet the acceptance criteria?\n\n- Conform by the [code review guidelines](https://docs.gitlab.com/ee/development/code_review.html)\n  - [ ] Has been reviewed by a Backend maintainer\n- [x] Conform by the [merge request performance guides](https://docs.gitlab.com/ee/development/merge_request_performance_guidelines.html)\n- [x] Conform by the [style guides](https://gitlab.com/gitlab-org/gitlab-ee/blob/master/CONTRIBUTING.md#style-guides)\n- [x] Conform by the [database guides](https://docs.gitlab.com/ee/development/README.html#databases-guides)\n- [x] If you have multiple commits, please combine them into a few logically organized commits by [squashing them](https://git-scm.com/book/en/Git-Tools-Rewriting-History#Squashing-Commits)\n- [ ] End-to-end tests pass (`package-and-qa` manual pipeline job)\n\n## What are the relevant issue numbers?\n\nCloses #48241",
    "state": "opened",
    "created_at": "2018-07-11T17:02:36.349Z",
    "updated_at": "2018-07-11T17:03:50.347Z",
    "source_branch": "48241-fix-invalid-byte-sequence-in-qa",
    "target_branch": "master",
    "source_project_id": 13083,
    "target_project_id": 13083,
    "sha": "c9a27a42f0e07799bedfbc49af711dc84449ad17",
    "merge_status": "can_be_merged",
    "force_remove_source_branch": true,
    "user_notes_count": 1,
    "author": {
      "id": 128633,
      "username": "rymai",
      "name": "RÃ©my Coutable",
      "state": "active",
      "avatar_url": "https://secure.gravatar.com/avatar/263da227929cc0035cb0eba512bcf81a?s=80\u0026d=identicon",
      "web_url": "https://gitlab.com/rymai"
    },
    "assignee": {
      "id": 128633,
      "username": "rymai",
      "name": "RÃ©my Coutable",
      "state": "active",
      "avatar_url": "https://secure.gravatar.com/avatar/263da227929cc0035cb0eba512bcf81a?s=80\u0026d=identicon",
      "web_url": "https://gitlab.com/rymai"
    },
    "labels": [
      "QA",
      "Quality",
      "bug"
    ],
    "time_stats": {},
    "milestone": {
      "id": 494367,
      "iid": 15,
      "group_id": 9970,
      "title": "11.2",
      "state": "active",
      "updated_at": "2018-03-27T19:28:34.472Z",
      "created_at": "2018-03-27T19:26:05.990Z",
      "due_date": "2018-08-22",
      "start_date": "2018-07-08",
      "web_url": "https://gitlab.com/groups/gitlab-org/-/milestones/15"
    }
  },
  {
    "id": 13924879,
    "iid": 20560,
    "project_id": 13083,
    "web_url": "https://gitlab.com/gitlab-org/gitlab-ce/merge_requests/20560",
    "title": "Revert \"Merge branch 'ee-5481-epic-todos' into 'master'\"",
    "description": "Revert of https://gitlab.com/gitlab-org/gitlab-ce/merge_requests/19908",
    "state": "merged",
    "created_at": "2018-07-11T16:34:45.542Z",
    "updated_at": "2018-07-11T20:08:18.664Z",
    "source_branch": "revert-todos-epic",
    "target_branch": "master",
    "source_project_id": 13083,
    "target_project_id": 13083,
    "sha": "8717c7dad9b5a8fa21ec9a652c54718a6b4c2175",
    "merge_commit_sha": "9591fdbed7c14712986a8308036787481bbb3bc0",
    "merge_status": "can_be_merged",
    "merge_when_pipeline_succeeds": true,
    "should_remove_source_branch": true,
    "user_notes_count": 1,
    "author": {
      "id": 508743,
      "username": "jarka",
      "name": "Jarka KadlecovÃ¡",
      "state": "active",
      "avatar_url": "https://secure.gravatar.com/avatar/3931dae84deb01d2881e4909077b8dbe?s=80\u0026d=identicon",
      "web_url": "https://gitlab.com/jarka"
    },
    "assignee": {
      "id": 209240,
      "username": "yorickpeterse",
      "name": "Yorick Peterse",
      "state": "active",
      "avatar_url": "https://secure.gravatar.com/avatar/644bcc0c58aa01920c4de4f941afcac9?s=80\u0026d=identicon",
      "web_url": "https://gitlab.com/yorickpeterse"
    },
    "labels": [
      "Discussion",
      "bug"
    ],
    "time_stats": {},
    "milestone": {
      "id": 450583,
      "iid": 13,
      "group_id": 9970,
      "title": "11.1",
      "state": "active",
      "updated_at": "2018-03-01T19:52:29.776Z",
      "created_at": "2018-01-23T21:40:27.318Z",
      "due_date": "2018-07-22",
      "start_date": "2018-06-08",
      "web_url": "https://gitlab.com/groups/gitlab-org/-/milestones/13"
    }
  }
]