Fetching project snippet notes (project id: 1, snippet id: 7)â€¦

|   ID   |     BODY      |    AUTHOR    | RESOLVABLE |
+--------+---------------+--------------+------------+
| 529462 | another one   | Raoul Marcel | false      |
| 529460 | or note to be | Raoul Marcel | false      |
| 529459 | note?         | Raoul Marcel | false      |
| 529458 | other         | Raoul Marcel | false      |
| 529457 | test          | Raoul Marcel | false      |

