List groups

Usage:
  glc list groups [flags]

Aliases:
  groups, g

Flags:
      --all                      Show all the groups you have access to (defaults to false for authenticated users, true for admin)
  -h, --help                     help for groups
      --owned                    Limit to groups owned by the current user
  -s, --search string            Return the list of authorized groups matching the search criteria
      --statistics               Include group statistics (admins only)
  -x, --with-custom-attributes   Include custom attributes in response (admins only)

Global Flags:
  -a, --alias string                Use resource alias
  -c, --config string               Path to configuration file (default ".glc.yml")
      --host string                 GitLab host
  -i, --interactive                 enable interactive mode when applicable (eg. creation, pagination)
      --no-color                    disable color output
  -o, --output-destination string   Output result to file if specified
  -f, --output-format string        Output format, must be one of 'text', 'json', 'yaml'
  -p, --page int                    Page (default 1)
  -l, --per-page int                Items per page (default 10)
      --silent                      silent mode
  -v, --verbose                     verbose output
