Fetching project environments (project id: 1)â€¦

| ID |  NAME   |  SLUG   |        EXTERNAL URL        |
+----+---------+---------+----------------------------+
|  1 | dev     | dev     | http://dev-api.fake.io     |
|  2 | staging | staging | http://staging-api.fake.io |
|  3 | prod    | prod    | http://prod-api.fake.io    |
|  4 | preprod | preprod |                            |
|  5 | prod    | prod    | http://api.fake.io         |

